------------------------------------------------------------
Timing Analyzer Summary
------------------------------------------------------------

Type  : Slow 1200mV 85C Model Setup 'processador:CPU|divisor:divFreq|div_clk'
Slack : -120.822
TNS   : -185913.393

Type  : Slow 1200mV 85C Model Setup 'processador:CPU|ctrl_undd:Controle|OpULA[0]'
Slack : -5.271
TNS   : -18.829

Type  : Slow 1200mV 85C Model Setup 'processador:CPU|ctrl_undd:Controle|controleOUT'
Slack : -4.396
TNS   : -118.355

Type  : Slow 1200mV 85C Model Setup 'realClk'
Slack : -2.748
TNS   : -69.044

Type  : Slow 1200mV 85C Model Hold 'processador:CPU|divisor:divFreq|div_clk'
Slack : 0.342
TNS   : 0.000

Type  : Slow 1200mV 85C Model Hold 'realClk'
Slack : 0.621
TNS   : 0.000

Type  : Slow 1200mV 85C Model Hold 'processador:CPU|ctrl_undd:Controle|controleOUT'
Slack : 0.904
TNS   : 0.000

Type  : Slow 1200mV 85C Model Hold 'processador:CPU|ctrl_undd:Controle|OpULA[0]'
Slack : 1.337
TNS   : 0.000

Type  : Slow 1200mV 85C Model Minimum Pulse Width 'realClk'
Slack : -3.000
TNS   : -42.284

Type  : Slow 1200mV 85C Model Minimum Pulse Width 'processador:CPU|divisor:divFreq|div_clk'
Slack : -2.422
TNS   : -23454.955

Type  : Slow 1200mV 85C Model Minimum Pulse Width 'processador:CPU|ctrl_undd:Controle|controleOUT'
Slack : -1.403
TNS   : -44.896

Type  : Slow 1200mV 85C Model Minimum Pulse Width 'processador:CPU|ctrl_undd:Controle|OpULA[0]'
Slack : 0.452
TNS   : 0.000

Type  : Slow 1200mV 0C Model Setup 'processador:CPU|divisor:divFreq|div_clk'
Slack : -109.649
TNS   : -170750.638

Type  : Slow 1200mV 0C Model Setup 'processador:CPU|ctrl_undd:Controle|OpULA[0]'
Slack : -5.064
TNS   : -18.107

Type  : Slow 1200mV 0C Model Setup 'processador:CPU|ctrl_undd:Controle|controleOUT'
Slack : -3.968
TNS   : -105.704

Type  : Slow 1200mV 0C Model Setup 'realClk'
Slack : -2.453
TNS   : -61.529

Type  : Slow 1200mV 0C Model Hold 'processador:CPU|divisor:divFreq|div_clk'
Slack : 0.307
TNS   : 0.000

Type  : Slow 1200mV 0C Model Hold 'realClk'
Slack : 0.575
TNS   : 0.000

Type  : Slow 1200mV 0C Model Hold 'processador:CPU|ctrl_undd:Controle|controleOUT'
Slack : 0.794
TNS   : 0.000

Type  : Slow 1200mV 0C Model Hold 'processador:CPU|ctrl_undd:Controle|OpULA[0]'
Slack : 1.315
TNS   : 0.000

Type  : Slow 1200mV 0C Model Minimum Pulse Width 'realClk'
Slack : -3.000
TNS   : -42.284

Type  : Slow 1200mV 0C Model Minimum Pulse Width 'processador:CPU|divisor:divFreq|div_clk'
Slack : -2.333
TNS   : -23453.887

Type  : Slow 1200mV 0C Model Minimum Pulse Width 'processador:CPU|ctrl_undd:Controle|controleOUT'
Slack : -1.403
TNS   : -44.896

Type  : Slow 1200mV 0C Model Minimum Pulse Width 'processador:CPU|ctrl_undd:Controle|OpULA[0]'
Slack : 0.386
TNS   : 0.000

Type  : Fast 1200mV 0C Model Setup 'processador:CPU|divisor:divFreq|div_clk'
Slack : -48.889
TNS   : -85934.320

Type  : Fast 1200mV 0C Model Setup 'processador:CPU|ctrl_undd:Controle|OpULA[0]'
Slack : -1.821
TNS   : -5.727

Type  : Fast 1200mV 0C Model Setup 'processador:CPU|ctrl_undd:Controle|controleOUT'
Slack : -1.437
TNS   : -35.684

Type  : Fast 1200mV 0C Model Setup 'realClk'
Slack : -0.582
TNS   : -12.371

Type  : Fast 1200mV 0C Model Hold 'processador:CPU|divisor:divFreq|div_clk'
Slack : 0.149
TNS   : 0.000

Type  : Fast 1200mV 0C Model Hold 'realClk'
Slack : 0.238
TNS   : 0.000

Type  : Fast 1200mV 0C Model Hold 'processador:CPU|ctrl_undd:Controle|controleOUT'
Slack : 0.329
TNS   : 0.000

Type  : Fast 1200mV 0C Model Hold 'processador:CPU|ctrl_undd:Controle|OpULA[0]'
Slack : 0.538
TNS   : 0.000

Type  : Fast 1200mV 0C Model Minimum Pulse Width 'realClk'
Slack : -3.000
TNS   : -31.921

Type  : Fast 1200mV 0C Model Minimum Pulse Width 'processador:CPU|divisor:divFreq|div_clk'
Slack : -1.000
TNS   : -16709.000

Type  : Fast 1200mV 0C Model Minimum Pulse Width 'processador:CPU|ctrl_undd:Controle|controleOUT'
Slack : -1.000
TNS   : -32.000

Type  : Fast 1200mV 0C Model Minimum Pulse Width 'processador:CPU|ctrl_undd:Controle|OpULA[0]'
Slack : 0.315
TNS   : 0.000

------------------------------------------------------------
